
     Program PWSCF v.5.2.0 starts on 14Jul2016 at 15:41:35 

     This program is part of the open-source Quantum ESPRESSO suite
     for quantum simulation of materials; please cite
         "P. Giannozzi et al., J. Phys.:Condens. Matter 21 395502 (2009);
          URL http://www.quantum-espresso.org", 
     in publications or presentations arising from this work. More details at
     http://www.quantum-espresso.org/quote

     Serial version
     Waiting for input...
     Reading input from standard input
Warning: card &IONS ignored
Warning: card   ION_DYNAMICS = 'VERLET', ignored
Warning: card   ION_TEMPERATURE = 'ANDERSEN', ignored
Warning: card   TEMPW = 300.00 , ignored
Warning: card   NRAISE = 1, ignored
Warning: card / ignored
     Message from routine read_cards :
     DEPRECATED: no units specified in CELL_PARAMETERS card

     Current dimensions of program PWSCF are:
     Max number of different atomic species (ntypx) = 10
     Max number of k-points (npk) =  40000
     Max angular momentum in pseudopotentials (lmaxx) =  3
               file C.pbe-n-kjpaw_psl.0.1.UPF: wavefunction(s)  2P renormalized
               file H.pbe-kjpaw_psl.0.1.UPF: wavefunction(s)  1S renormalized

     G-vector sticks info
     --------------------
     sticks:   dense  smooth     PW     G-vecs:    dense   smooth      PW
     Sum         901     901    225                20479    20479    2553

     Generating pointlists ...
     new r_m :   0.4125 (alat units)  0.7796 (a.u.) for type    1
     new r_m :   0.4125 (alat units)  0.7796 (a.u.) for type    2


     bravais-lattice index     =            0
     lattice parameter (alat)  =       1.8900  a.u.
     unit-cell volume          =   54010.1520 (a.u.)^3
     number of atoms/cell      =            6
     number of atomic types    =            2
     number of electrons       =        12.00
     number of Kohn-Sham states=           10
     kinetic-energy cutoff     =       2.0000  Ry
     charge density cutoff     =       8.0000  Ry
     convergence threshold     =      1.0E-05
     mixing beta               =       0.4500
     number of iterations used =            8  plain     mixing
     Exchange-correlation      =  SLA  PW   PBX  PBC ( 1  4  3  4 0 0)

     celldm(1)=   1.890000  celldm(2)=   0.000000  celldm(3)=   0.000000
     celldm(4)=   0.000000  celldm(5)=   0.000000  celldm(6)=   0.000000

     crystal axes: (cart. coord. in units of alat)
               a(1) = (  20.000000   0.000000   0.000000 )  
               a(2) = (   0.000000  20.000000   0.000000 )  
               a(3) = (   0.000000   0.000000  20.000000 )  

     reciprocal axes: (cart. coord. in units 2 pi/alat)
               b(1) = (  0.050000  0.000000  0.000000 )  
               b(2) = (  0.000000  0.050000  0.000000 )  
               b(3) = (  0.000000  0.000000  0.050000 )  


     PseudoPot. # 1 for  C read from file:
     ./C.pbe-n-kjpaw_psl.0.1.UPF
     MD5 check sum: c849119b86527ef673bbe9c4f1f1b6ab
     Pseudo is Projector augmented-wave + core cor, Zval =  4.0
     Generated using "atomic" code by A. Dal Corso  v.5.0.2 svn rev. 9415
     Shape of augmentation charge: BESSEL
     Using radial grid of 1073 points,  4 beta functions with: 
                l(1) =   0
                l(2) =   0
                l(3) =   1
                l(4) =   1
     Q(r) pseudized with 0 coefficients 


     PseudoPot. # 2 for  H read from file:
     ./H.pbe-kjpaw_psl.0.1.UPF
     MD5 check sum: 7353169556fa043aa23d7d2f4b8a0dcf
     Pseudo is Projector augmented-wave, Zval =  1.0
     Generated using "atomic" code by A. Dal Corso  v.5.0.2 svn rev. 9415
     Shape of augmentation charge: PSQ
     Using radial grid of  929 points,  2 beta functions with: 
                l(1) =   0
                l(2) =   0
     Q(r) pseudized with 0 coefficients 


     atomic species   valence    mass     pseudopotential
        C              4.00    12.01000      C( 1.00)
        H              1.00     1.00800      H( 1.00)

     Starting magnetic structure 
     atomic species   magnetization
        C            0.010
        H            0.000

     No symmetry found



   Cartesian axes

     site n.     atom                  positions (alat units)
         1           C   tau(   1) = (  -5.0467200   2.3176300   0.0178200  )
         2           C   tau(   2) = (  -3.7154800   2.3089400  -0.0058700  )
         3           H   tau(   3) = (  -5.6064200   1.5407300  -0.4925500  )
         4           H   tau(   4) = (  -5.5777200   3.1016400   0.5476100  )
         5           H   tau(   5) = (  -3.1844800   1.5249300  -0.5356500  )
         6           H   tau(   6) = (  -3.1557900   3.0858400   0.5045100  )

     number of k points=     2  gaussian smearing, width (Ry)=  0.0050
                       cart. coord. in units 2pi/alat
        k(    1) = (   0.0000000   0.0000000   0.0000000), wk =   1.0000000
        k(    2) = (   0.0000000   0.0000000   0.0000000), wk =   1.0000000

     Dense  grid:    20479 G-vectors     FFT dimensions: (  36,  36,  36)

     Largest allocated arrays     est. size (Mb)     dimensions
        Kohn-Sham Wavefunctions         0.39 Mb     (    2553,   10)
        NL pseudopotentials             0.93 Mb     (    2553,   24)
        Each V/rho on FFT grid          1.42 Mb     (   46656,   2)
        Each G-vector array             0.16 Mb     (   20479)
        G-vector shells                 0.00 Mb     (     243)
     Largest temporary arrays     est. size (Mb)     dimensions
        Auxiliary wavefunctions         1.56 Mb     (    2553,   40)
        Each subspace H/S matrix        0.02 Mb     (      40,   40)
        Each <psi_i|beta_j> matrix      0.00 Mb     (      24,   10)
        Arrays for rho mixing           5.70 Mb     (   46656,    8)

     Check: negative/imaginary core charge=   -0.000116    0.000000

     Initial potential from superposition of free atoms
     Check: negative starting charge=(component1):   -1.317894
     Check: negative starting charge=(component2):   -1.309415

     starting charge   11.99988, renormalised to   12.00000

     negative rho (up, down):  1.318E+00 1.309E+00
     Starting wfc are   12 randomized atomic wfcs

     total cpu time spent up to now is        1.6 secs

     per-process dynamical memory:    14.1 Mb

     Self-consistent Calculation

     iteration #  1     ecut=     2.00 Ry     beta=0.45
     Davidson diagonalization with overlap
     ethr =  1.00E-02,  avg # of iterations =  8.0

     negative rho (up, down):  5.686E-01 5.657E-01

     Magnetic moment per site:
     atom:    1    charge:    0.2596    magn:    0.0021    constr:    0.0000
     atom:    2    charge:    0.3620    magn:    0.0029    constr:    0.0000
     atom:    3    charge:    0.1556    magn:    0.0003    constr:    0.0000
     atom:    4    charge:    0.2052    magn:    0.0005    constr:    0.0000
     atom:    5    charge:    0.2170    magn:    0.0005    constr:    0.0000
     atom:    6    charge:    0.2402    magn:    0.0006    constr:    0.0000

     total cpu time spent up to now is        2.9 secs

     total energy              =     -31.67378509 Ry
     Harris-Foulkes estimate   =     -34.87133591 Ry
     estimated scf accuracy    <       5.23738760 Ry

     total magnetization       =     0.00 Bohr mag/cell
     absolute magnetization    =     0.02 Bohr mag/cell

     iteration #  2     ecut=     2.00 Ry     beta=0.45
     Davidson diagonalization with overlap
     ethr =  1.00E-02,  avg # of iterations =  2.0

     negative rho (up, down):  2.626E-01 2.644E-01

     Magnetic moment per site:
     atom:    1    charge:    0.1547    magn:    0.0008    constr:    0.0000
     atom:    2    charge:    0.2179    magn:    0.0011    constr:    0.0000
     atom:    3    charge:    0.1348    magn:    0.0001    constr:    0.0000
     atom:    4    charge:    0.1720    magn:    0.0002    constr:    0.0000
     atom:    5    charge:    0.1901    magn:    0.0002    constr:    0.0000
     atom:    6    charge:    0.2035    magn:    0.0002    constr:    0.0000

     total cpu time spent up to now is        4.1 secs

     total energy              =     -31.84242650 Ry
     Harris-Foulkes estimate   =     -32.28723896 Ry
     estimated scf accuracy    <       0.79923334 Ry

     total magnetization       =     0.00 Bohr mag/cell
     absolute magnetization    =     0.00 Bohr mag/cell

     iteration #  3     ecut=     2.00 Ry     beta=0.45
     Davidson diagonalization with overlap
     ethr =  6.66E-03,  avg # of iterations =  1.0

     negative rho (up, down):  3.746E-01 3.747E-01

     Magnetic moment per site:
     atom:    1    charge:    0.1005    magn:    0.0001    constr:    0.0000
     atom:    2    charge:    0.1439    magn:    0.0001    constr:    0.0000
     atom:    3    charge:    0.1248    magn:    0.0000    constr:    0.0000
     atom:    4    charge:    0.1566    magn:    0.0000    constr:    0.0000
     atom:    5    charge:    0.1777    magn:    0.0000    constr:    0.0000
     atom:    6    charge:    0.1861    magn:    0.0000    constr:    0.0000

     total cpu time spent up to now is        5.2 secs

     total energy              =     -31.82503528 Ry
     Harris-Foulkes estimate   =     -31.87167249 Ry
     estimated scf accuracy    <       0.08277745 Ry

     total magnetization       =    -0.00 Bohr mag/cell
     absolute magnetization    =     0.00 Bohr mag/cell

     iteration #  4     ecut=     2.00 Ry     beta=0.45
     Davidson diagonalization with overlap
     ethr =  6.90E-04,  avg # of iterations =  3.0

     negative rho (up, down):  3.932E-01 3.932E-01

     Magnetic moment per site:
     atom:    1    charge:    0.0979    magn:    0.0000    constr:    0.0000
     atom:    2    charge:    0.1406    magn:    0.0000    constr:    0.0000
     atom:    3    charge:    0.1248    magn:    0.0000    constr:    0.0000
     atom:    4    charge:    0.1567    magn:    0.0000    constr:    0.0000
     atom:    5    charge:    0.1780    magn:    0.0000    constr:    0.0000
     atom:    6    charge:    0.1861    magn:    0.0000    constr:    0.0000

     total cpu time spent up to now is        6.3 secs

     total energy              =     -31.82861379 Ry
     Harris-Foulkes estimate   =     -31.82954641 Ry
     estimated scf accuracy    <       0.00176122 Ry

     total magnetization       =     0.00 Bohr mag/cell
     absolute magnetization    =     0.00 Bohr mag/cell

     iteration #  5     ecut=     2.00 Ry     beta=0.45
     Davidson diagonalization with overlap
     ethr =  1.47E-05,  avg # of iterations =  5.0

     negative rho (up, down):  3.964E-01 3.964E-01

     Magnetic moment per site:
     atom:    1    charge:    0.0977    magn:    0.0000    constr:    0.0000
     atom:    2    charge:    0.1404    magn:    0.0000    constr:    0.0000
     atom:    3    charge:    0.1249    magn:    0.0000    constr:    0.0000
     atom:    4    charge:    0.1568    magn:    0.0000    constr:    0.0000
     atom:    5    charge:    0.1782    magn:    0.0000    constr:    0.0000
     atom:    6    charge:    0.1863    magn:    0.0000    constr:    0.0000

     total cpu time spent up to now is        7.5 secs

     total energy              =     -31.82871066 Ry
     Harris-Foulkes estimate   =     -31.82875953 Ry
     estimated scf accuracy    <       0.00008076 Ry

     total magnetization       =    -0.00 Bohr mag/cell
     absolute magnetization    =     0.00 Bohr mag/cell

     iteration #  6     ecut=     2.00 Ry     beta=0.45
     Davidson diagonalization with overlap
     ethr =  6.73E-07,  avg # of iterations =  4.0

     negative rho (up, down):  3.974E-01 3.974E-01

     Magnetic moment per site:
     atom:    1    charge:    0.0976    magn:    0.0000    constr:    0.0000
     atom:    2    charge:    0.1403    magn:    0.0000    constr:    0.0000
     atom:    3    charge:    0.1249    magn:   -0.0000    constr:    0.0000
     atom:    4    charge:    0.1568    magn:    0.0000    constr:    0.0000
     atom:    5    charge:    0.1782    magn:   -0.0000    constr:    0.0000
     atom:    6    charge:    0.1863    magn:   -0.0000    constr:    0.0000

     total cpu time spent up to now is        8.6 secs

     End of self-consistent calculation

 ------ SPIN UP ------------


          k = 0.0000 0.0000 0.0000 (  2553 PWs)   bands (ev):

   -40.6487 -26.3425 -15.9482 -11.4066  -8.9392  -8.7664  -3.1312  -3.0860
    -2.1283  -1.8130

 ------ SPIN DOWN ----------


          k = 0.0000 0.0000 0.0000 (  2553 PWs)   bands (ev):

   -40.6486 -26.3425 -15.9482 -11.4065  -8.9391  -8.7664  -3.1313  -3.0860
    -2.1284  -1.8131

     the Fermi energy is    -6.5655 ev

!    total energy              =     -31.82871928 Ry
     Harris-Foulkes estimate   =     -31.82871918 Ry
     estimated scf accuracy    <       0.00000090 Ry

     total all-electron energy =      -147.356905 Ry

     The total energy is the sum of the following terms:

     one-electron contribution =     -71.00178502 Ry
     hartree contribution      =      31.90714432 Ry
     xc contribution           =      -7.92341951 Ry
     ewald contribution        =      28.31653655 Ry
     one-center paw contrib.   =     -13.12719562 Ry
     smearing contrib. (-TS)   =      -0.00000000 Ry

     total magnetization       =     0.00 Bohr mag/cell
     absolute magnetization    =     0.00 Bohr mag/cell

     convergence has been achieved in   6 iterations

     Writing output data file x.save

     init_run     :      1.17s CPU      1.22s WALL (       1 calls)
     electrons    :      6.80s CPU      7.02s WALL (       1 calls)

     Called by init_run:
     wfcinit      :      0.08s CPU      0.07s WALL (       1 calls)
     potinit      :      0.87s CPU      0.92s WALL (       1 calls)

     Called by electrons:
     c_bands      :      0.97s CPU      1.00s WALL (       6 calls)
     sum_band     :      0.39s CPU      0.42s WALL (       6 calls)
     v_of_rho     :      1.12s CPU      1.16s WALL (       7 calls)
     newd         :      0.19s CPU      0.21s WALL (       7 calls)
     mix_rho      :      0.05s CPU      0.06s WALL (       6 calls)

     Called by c_bands:
     init_us_2    :      0.01s CPU      0.02s WALL (      26 calls)
     cegterg      :      0.92s CPU      0.96s WALL (      12 calls)

     Called by sum_band:
     sum_band:bec :     -0.00s CPU      0.00s WALL (      12 calls)
     addusdens    :      0.23s CPU      0.24s WALL (       6 calls)

     Called by *egterg:
     h_psi        :      0.61s CPU      0.69s WALL (      60 calls)
     s_psi        :      0.08s CPU      0.05s WALL (      60 calls)
     g_psi        :      0.03s CPU      0.02s WALL (      46 calls)
     cdiaghg      :      0.00s CPU     -0.00s WALL (      58 calls)

     Called by h_psi:
     add_vuspsi   :      0.05s CPU      0.04s WALL (      60 calls)

     General routines
     calbec       :      0.09s CPU      0.10s WALL (      72 calls)
     fft          :      0.20s CPU      0.21s WALL (     171 calls)
     fftw         :      0.47s CPU      0.59s WALL (     880 calls)
     davcio       :     -0.00s CPU      0.00s WALL (       2 calls)


     PAW routines
     PAW_pot      :      4.93s CPU      5.04s WALL (       7 calls)

     PWSCF        :     8.35s CPU         8.76s WALL


   This run was terminated on:  15:41:44  14Jul2016            

=------------------------------------------------------------------------------=
   JOB DONE.
=------------------------------------------------------------------------------=
